// Jest Snapshot v1, https://goo.gl/fbAQLP

exports[`render footer 1`] = `
[
  <style
    dangerouslySetInnerHTML={
      {
        "__html": ".css-muj3z1{font-size:small;font-weight:semibold;color:gray.500;line-height:tight;padding:2px;border-top:1px;border-style:solid;border-color:gray.200;}",
      }
    }
    data-emotion="css muj3z1"
  />,
  <div
    className="css-muj3z1"
    isTruncated={true}
  >
    All rights reserved to Arch Buddy and team.
     
    <a
      href="https://github.com/archbuddy"
      rel="noreferrer"
      target="_blank"
    >
      https://github.com/archbuddy
    </a>
  </div>,
]
`;
